09-17 19:51:48.231 31536 31614 I godot   : [Rust:dclgodot::comms::communication_manager] pulse: runtime realm set to lsd:b64-L2hvbWUva3VydWsvUHJvamVjdHMvZGVjZW50cmFsYW5kL3JhZnQtZ2FtZS1rdXJ1ay1kZXNrdG9w (src/comms/communication_manager.rs:1536)
09-17 19:51:48.233 31536 31614 I godot   : [Rust:dclgodot::comms::communication_manager] pulse: room created for pulse-server.decentraland.org:7777 (src/comms/communication_manager.rs:928)
09-17 19:51:49.889 31536 24327 I godot   : [Rust:dclgodot::dcl::js] [scene SceneId(1) 'Raft Game' @0,0] loading scene code (size=9381048 bytes) (src/dcl/js/mod.rs:456)
09-17 19:51:57.397 31536 31614 I godot   : [Rust:dclgodot::comms::communication_manager] pulse: room created for pulse-server.decentraland.org:7777 (src/comms/communication_manager.rs:928)
09-17 19:51:57.736 31536 31614 I godot   : [Rust:dclgodot::comms::pulse::pulse_room] pulse: connected (src/comms/pulse/pulse_room.rs:370)
09-17 19:51:57.792 31536 31614 I godot   : [Rust:dclgodot::comms::pulse::pulse_room] pulse: handshake sent (src/comms/pulse/pulse_room.rs:493)
09-17 19:51:57.960 31536 31614 I godot   : [Rust:dclgodot::comms::pulse::pulse_room] pulse: handshake accepted (src/comms/pulse/pulse_room.rs:648)
09-17 19:51:57.961 31536 31614 I godot   : [Rust:dclgodot::comms::pulse::pulse_room] pulse: teleport sent (parcel 56463, realm lsd:b64-L2hvbWUva3VydWsvUHJvamVjdHMvZGVjZW50cmFsYW5kL3JhZnQtZ2FtZS1rdXJ1ay1kZXNrdG9w) (src/comms/pulse/pulse_room.rs:306)
09-17 19:51:58.855 31536 24353 I godot   : [Rust:log] connecting to wss://dcl.livekit.cloud/rtc?sdk=rust&protocol=15&auto_subscribe=0&adaptive_stream=0&access_token=... (unknown:0)
09-17 19:52:39.103 31536 24446 I godot   : [Rust:dclgodot::dcl::js] [scene SceneId(2) 'Raft Game' @0,0] loading scene code (size=9381048 bytes) (src/dcl/js/mod.rs:456)
09-17 19:52:46.061 31536 31614 I godot   : [Rust:dclgodot::comms::communication_manager] pulse: room created for pulse-server.decentraland.org:7777 (src/comms/communication_manager.rs:928)
09-17 19:52:46.463 31536 31614 I godot   : [Rust:dclgodot::comms::pulse::pulse_room] pulse: connected (src/comms/pulse/pulse_room.rs:370)
09-17 19:52:46.519 31536 31614 I godot   : [Rust:dclgodot::comms::pulse::pulse_room] pulse: handshake sent (src/comms/pulse/pulse_room.rs:493)
09-17 19:52:46.855 31536 31614 I godot   : [Rust:dclgodot::comms::pulse::pulse_room] pulse: handshake accepted (src/comms/pulse/pulse_room.rs:648)
09-17 19:52:46.856 31536 31614 I godot   : [Rust:dclgodot::comms::pulse::pulse_room] pulse: teleport sent (parcel 56145, realm lsd:b64-L2hvbWUva3VydWsvUHJvamVjdHMvZGVjZW50cmFsYW5kL3JhZnQtZ2FtZS1rdXJ1ay1kZXNrdG9w) (src/comms/pulse/pulse_room.rs:306)
09-17 19:52:46.912 31536 24458 I godot   : [Rust:log] connecting to wss://dcl.livekit.cloud/rtc?sdk=rust&protocol=15&auto_subscribe=0&adaptive_stream=0&access_token=... (unknown:0)
09-17 19:52:58.758 31536 24576 I godot   : [Rust:dclgodot::dcl::js] [scene SceneId(3) 'Raft Game' @0,0] loading scene code (size=9381048 bytes) (src/dcl/js/mod.rs:456)
09-17 19:53:05.947 31536 31614 I godot   : [Rust:dclgodot::comms::communication_manager] pulse: room created for pulse-server.decentraland.org:7777 (src/comms/communication_manager.rs:928)
09-17 19:53:06.340 31536 31614 I godot   : [Rust:dclgodot::comms::pulse::pulse_room] pulse: connected (src/comms/pulse/pulse_room.rs:370)
09-17 19:53:06.355 31536 31614 I godot   : [Rust:dclgodot::comms::pulse::pulse_room] pulse: handshake sent (src/comms/pulse/pulse_room.rs:493)
09-17 19:53:06.508 31536 31614 I godot   : [Rust:dclgodot::comms::pulse::pulse_room] pulse: handshake accepted (src/comms/pulse/pulse_room.rs:648)
09-17 19:53:06.509 31536 31614 I godot   : [Rust:dclgodot::comms::pulse::pulse_room] pulse: teleport sent (parcel 56463, realm lsd:b64-L2hvbWUva3VydWsvUHJvamVjdHMvZGVjZW50cmFsYW5kL3JhZnQtZ2FtZS1rdXJ1ay1kZXNrdG9w) (src/comms/pulse/pulse_room.rs:306)
09-17 19:53:06.732 31536 24595 I godot   : [Rust:log] connecting to wss://dcl.livekit.cloud/rtc?sdk=rust&protocol=15&auto_subscribe=0&adaptive_stream=0&access_token=... (unknown:0)
09-17 19:53:42.962 31536 31614 I godot   : [Rust:dclgodot::comms::pulse::pulse_room] pulse: teleport sent (parcel 56145, realm lsd:b64-L2hvbWUva3VydWsvUHJvamVjdHMvZGVjZW50cmFsYW5kL3JhZnQtZ2FtZS1rdXJ1ay1kZXNrdG9w) (src/comms/pulse/pulse_room.rs:306)
